
Warning: The allowCypressEnv configuration option is enabled. This allows any browser code to read values from Cypress.env(). This is insecure and will be removed in a future major version.

1. Replace Cypress.env() calls with cy.env() (for sensitive values) or Cypress.expose() (for public configuration)
2. Set allowCypressEnv: false in your Cypress configuration to disable Cypress.env()

Learn more: https://on.cypress.io/cypress-env-migration


====================================================================================================

  (Run Starting)

  ÔöîÔöÇÔöÇÔöÇÔöÇÔöÇÔöÇÔöÇÔöÇÔöÇÔöÇÔöÇÔöÇÔöÇÔöÇÔöÇÔöÇÔöÇÔöÇÔöÇÔöÇÔöÇÔöÇÔöÇÔöÇÔöÇÔöÇÔöÇÔöÇÔöÇÔöÇÔöÇÔöÇÔöÇÔöÇÔöÇÔöÇÔöÇÔöÇÔöÇÔöÇÔöÇÔöÇÔöÇÔöÇÔöÇÔöÇÔöÇÔöÇÔöÇÔöÇÔöÇÔöÇÔöÇÔöÇÔöÇÔöÇÔöÇÔöÇÔöÇÔöÇÔöÇÔöÇÔöÇÔöÇÔöÇÔöÇÔöÇÔöÇÔöÇÔöÇÔöÇÔöÇÔöÇÔöÇÔöÇÔöÇÔöÇÔöÇÔöÇÔöÇÔöÇÔöÇÔöÇÔöÇÔöÇÔöÇÔöÇÔöÇÔöÇÔöÇÔöÇÔöÇÔöÇÔöÇÔöÇÔöÇÔöÉ
  Ôöé Cypress:        15.13.0                                                                        Ôöé
  Ôöé Browser:        Electron 138 (headless)                                                        Ôöé
  Ôöé Node Version:   v20.19.4 (C:\nvm4w\nodejs\node.exe)                                            Ôöé
  Ôöé Specs:          2 found (pwa-full-journey.cy.js, flutter-advanced.cy.js)                       Ôöé
  Ôöé Searched:       C:\Projects\Claude_Code\LAB\EVAQ\tests\cypress\e2e\pwa-full-journey.cy.js, C:\ Ôöé
  Ôöé                 Projects\Claude_Code\LAB\EVAQ\tests\cypress\e2e\flutter-advanced.cy.js         Ôöé
  ÔööÔöÇÔöÇÔöÇÔöÇÔöÇÔöÇÔöÇÔöÇÔöÇÔöÇÔöÇÔöÇÔöÇÔöÇÔöÇÔöÇÔöÇÔöÇÔöÇÔöÇÔöÇÔöÇÔöÇÔöÇÔöÇÔöÇÔöÇÔöÇÔöÇÔöÇÔöÇÔöÇÔöÇÔöÇÔöÇÔöÇÔöÇÔöÇÔöÇÔöÇÔöÇÔöÇÔöÇÔöÇÔöÇÔöÇÔöÇÔöÇÔöÇÔöÇÔöÇÔöÇÔöÇÔöÇÔöÇÔöÇÔöÇÔöÇÔöÇÔöÇÔöÇÔöÇÔöÇÔöÇÔöÇÔöÇÔöÇÔöÇÔöÇÔöÇÔöÇÔöÇÔöÇÔöÇÔöÇÔöÇÔöÇÔöÇÔöÇÔöÇÔöÇÔöÇÔöÇÔöÇÔöÇÔöÇÔöÇÔöÇÔöÇÔöÇÔöÇÔöÇÔöÇÔöÇÔöÇÔöÇÔöÿ


ÔöÇÔöÇÔöÇÔöÇÔöÇÔöÇÔöÇÔöÇÔöÇÔöÇÔöÇÔöÇÔöÇÔöÇÔöÇÔöÇÔöÇÔöÇÔöÇÔöÇÔöÇÔöÇÔöÇÔöÇÔöÇÔöÇÔöÇÔöÇÔöÇÔöÇÔöÇÔöÇÔöÇÔöÇÔöÇÔöÇÔöÇÔöÇÔöÇÔöÇÔöÇÔöÇÔöÇÔöÇÔöÇÔöÇÔöÇÔöÇÔöÇÔöÇÔöÇÔöÇÔöÇÔöÇÔöÇÔöÇÔöÇÔöÇÔöÇÔöÇÔöÇÔöÇÔöÇÔöÇÔöÇÔöÇÔöÇÔöÇÔöÇÔöÇÔöÇÔöÇÔöÇÔöÇÔöÇÔöÇÔöÇÔöÇÔöÇÔöÇÔöÇÔöÇÔöÇÔöÇÔöÇÔöÇÔöÇÔöÇÔöÇÔöÇÔöÇÔöÇÔöÇÔöÇÔöÇÔöÇÔöÇÔöÇÔöÇÔöÇ
                                                                                                    
  Running:  pwa-full-journey.cy.js                                                          (1 of 2)


  PWA EVAQ : Parcours Utilisateur Avanc├® (ISO Mobile)
    1) "before each" hook for "Sc├®nario 1 : Navigation Fluide et Responsive (Bottom Bar)"


  0 passing (4s)
  1 failing

  1) PWA EVAQ : Parcours Utilisateur Avanc├® (ISO Mobile)
       "before each" hook for "Sc├®nario 1 : Navigation Fluide et Responsive (Bottom Bar)":
     Error: The following error originated from your application code, not from Cypress.

  > Minified React error #418; visit https://react.dev/errors/418?args[]=HTML&args[]= for the full message or use the non-minified dev environment for full errors and additional helpful warnings.

When Cypress detects uncaught errors originating from your application it will automatically fail the current test.

This behavior is configurable, and you can choose to turn this off by listening to the `uncaught:exception` event.

https://on.cypress.io/uncaught-exception-from-application

Because this error occurred during a `before each` hook we are skipping the remaining tests in the current suite: `PWA EVAQ : Parcours Utilisa...`
      at rX (https://evaq-web.vercel.app/_next/static/chunks/16g.ca89g7fib.js:1:47213)
      at iu (https://evaq-web.vercel.app/_next/static/chunks/16g.ca89g7fib.js:1:98254)
      at sd (https://evaq-web.vercel.app/_next/static/chunks/16g.ca89g7fib.js:1:138944)
      at <unknown> (https://evaq-web.vercel.app/_next/static/chunks/16g.ca89g7fib.js:1:133830)
      at se (https://evaq-web.vercel.app/_next/static/chunks/16g.ca89g7fib.js:1:133931)
      at s$ (https://evaq-web.vercel.app/_next/static/chunks/16g.ca89g7fib.js:1:160495)
      at MessagePort.O (https://evaq-web.vercel.app/_next/static/chunks/16g.ca89g7fib.js:1:8660)




  (Results)

  ÔöîÔöÇÔöÇÔöÇÔöÇÔöÇÔöÇÔöÇÔöÇÔöÇÔöÇÔöÇÔöÇÔöÇÔöÇÔöÇÔöÇÔöÇÔöÇÔöÇÔöÇÔöÇÔöÇÔöÇÔöÇÔöÇÔöÇÔöÇÔöÇÔöÇÔöÇÔöÇÔöÇÔöÇÔöÇÔöÇÔöÇÔöÇÔöÇÔöÇÔöÇÔöÇÔöÇÔöÇÔöÇÔöÇÔöÇÔöÇÔöÇÔöÇÔöÇÔöÇÔöÇÔöÇÔöÇÔöÇÔöÇÔöÇÔöÇÔöÇÔöÇÔöÇÔöÇÔöÇÔöÇÔöÇÔöÇÔöÇÔöÇÔöÇÔöÇÔöÇÔöÇÔöÇÔöÇÔöÇÔöÇÔöÇÔöÇÔöÇÔöÇÔöÇÔöÇÔöÇÔöÇÔöÇÔöÇÔöÇÔöÇÔöÇÔöÇÔöÇÔöÇÔöÇÔöÇÔöÇÔöÇÔöÉ
  Ôöé Tests:        4                                                                                Ôöé
  Ôöé Passing:      0                                                                                Ôöé
  Ôöé Failing:      1                                                                                Ôöé
  Ôöé Pending:      0                                                                                Ôöé
  Ôöé Skipped:      3                                                                                Ôöé
  Ôöé Screenshots:  1                                                                                Ôöé
  Ôöé Video:        false                                                                            Ôöé
  Ôöé Duration:     4 seconds                                                                        Ôöé
  Ôöé Spec Ran:     pwa-full-journey.cy.js                                                           Ôöé
  ÔööÔöÇÔöÇÔöÇÔöÇÔöÇÔöÇÔöÇÔöÇÔöÇÔöÇÔöÇÔöÇÔöÇÔöÇÔöÇÔöÇÔöÇÔöÇÔöÇÔöÇÔöÇÔöÇÔöÇÔöÇÔöÇÔöÇÔöÇÔöÇÔöÇÔöÇÔöÇÔöÇÔöÇÔöÇÔöÇÔöÇÔöÇÔöÇÔöÇÔöÇÔöÇÔöÇÔöÇÔöÇÔöÇÔöÇÔöÇÔöÇÔöÇÔöÇÔöÇÔöÇÔöÇÔöÇÔöÇÔöÇÔöÇÔöÇÔöÇÔöÇÔöÇÔöÇÔöÇÔöÇÔöÇÔöÇÔöÇÔöÇÔöÇÔöÇÔöÇÔöÇÔöÇÔöÇÔöÇÔöÇÔöÇÔöÇÔöÇÔöÇÔöÇÔöÇÔöÇÔöÇÔöÇÔöÇÔöÇÔöÇÔöÇÔöÇÔöÇÔöÇÔöÇÔöÇÔöÇÔöÇÔöÿ


  (Screenshots)

  -  C:\Projects\Claude_Code\LAB\EVAQ\tests\cypress\screenshots\pwa-full-journey.cy.j     (1280x720)
     s\PWA EVAQ  Parcours Utilisateur Avanc├® (ISO Mobile) -- Sc├®nario 1  Navigation F               
     luide et Responsive (Bottom Bar) -- before each hook (failed).png                              


ÔöÇÔöÇÔöÇÔöÇÔöÇÔöÇÔöÇÔöÇÔöÇÔöÇÔöÇÔöÇÔöÇÔöÇÔöÇÔöÇÔöÇÔöÇÔöÇÔöÇÔöÇÔöÇÔöÇÔöÇÔöÇÔöÇÔöÇÔöÇÔöÇÔöÇÔöÇÔöÇÔöÇÔöÇÔöÇÔöÇÔöÇÔöÇÔöÇÔöÇÔöÇÔöÇÔöÇÔöÇÔöÇÔöÇÔöÇÔöÇÔöÇÔöÇÔöÇÔöÇÔöÇÔöÇÔöÇÔöÇÔöÇÔöÇÔöÇÔöÇÔöÇÔöÇÔöÇÔöÇÔöÇÔöÇÔöÇÔöÇÔöÇÔöÇÔöÇÔöÇÔöÇÔöÇÔöÇÔöÇÔöÇÔöÇÔöÇÔöÇÔöÇÔöÇÔöÇÔöÇÔöÇÔöÇÔöÇÔöÇÔöÇÔöÇÔöÇÔöÇÔöÇÔöÇÔöÇÔöÇÔöÇÔöÇÔöÇÔöÇ
                                                                                                    
  Running:  flutter-advanced.cy.js                                                          (2 of 2)


  Flutter Web E2E: Smoketest & Navigation Spatiale Mobile
    ÔêÜ Sc├®nario 1 : Initialisation et Rendu du Canvas Flutter (8663ms)
    ÔêÜ Sc├®nario 2 : Parcours Navigation Bottom Bar (Spatiale) (15727ms)
    1) Sc├®nario 3 : Test de R├®silience UI


  2 passing (30s)
  1 failing

  1) Flutter Web E2E: Smoketest & Navigation Spatiale Mobile
       Sc├®nario 3 : Test de R├®silience UI:
     CypressError: Timed out retrying after 4000ms: `cy.trigger()` failed because this element is not visible:

`<flt-glass-pane></flt-glass-pane>`

This element `<flt-glass-pane>` is not visible because it has an effective width and height of: `0 x 0` pixels.

Fix this problem, or use `{force: true}` to disable error checking.

https://on.cypress.io/element-cannot-be-interacted-with
      at runVisibilityCheck (https://evaq-app.vercel.app/__cypress/runner/cypress_runner.js:153205:58)
      at Object.isStrictlyVisible (https://evaq-app.vercel.app/__cypress/runner/cypress_runner.js:153219:10)
      at runAllChecks (https://evaq-app.vercel.app/__cypress/runner/cypress_runner.js:115504:26)
      at retryActionability (https://evaq-app.vercel.app/__cypress/runner/cypress_runner.js:115572:16)
      at tryCatcher (https://evaq-app.vercel.app/__cypress/runner/cypress_runner.js:1777:23)
      at Promise.attempt.Promise.try (https://evaq-app.vercel.app/__cypress/runner/cypress_runner.js:4285:29)
      at whenStable (https://evaq-app.vercel.app/__cypress/runner/cypress_runner.js:152009:70)
      at <unknown> (https://evaq-app.vercel.app/__cypress/runner/cypress_runner.js:151924:14)
      at tryCatcher (https://evaq-app.vercel.app/__cypress/runner/cypress_runner.js:1777:23)
      at Promise._settlePromiseFromHandler (https://evaq-app.vercel.app/__cypress/runner/cypress_runner.js:1489:31)
      at Promise._settlePromise (https://evaq-app.vercel.app/__cypress/runner/cypress_runner.js:1546:18)
      at Promise._settlePromise0 (https://evaq-app.vercel.app/__cypress/runner/cypress_runner.js:1591:10)
      at Promise._settlePromises (https://evaq-app.vercel.app/__cypress/runner/cypress_runner.js:1671:18)
      at Promise._fulfill (https://evaq-app.vercel.app/__cypress/runner/cypress_runner.js:1615:18)
      at <unknown> (https://evaq-app.vercel.app/__cypress/runner/cypress_runner.js:5420:46)
  From Your Spec Code:
      at Object.proxyGetter [as get] (https://evaq-app.vercel.app/__cypress/runner/cypress_runner.js:81160:22)
      at exists (https://evaq-app.vercel.app/__cypress/runner/cypress_runner.js:151171:26)
      at elExists (https://evaq-app.vercel.app/__cypress/runner/cypress_runner.js:151186:10)
      at ensureExistence (https://evaq-app.vercel.app/__cypress/runner/cypress_runner.js:151367:22)
      at onFailFn (https://evaq-app.vercel.app/__cypress/runner/cypress_runner.js:151396:53)




  (Results)

  ÔöîÔöÇÔöÇÔöÇÔöÇÔöÇÔöÇÔöÇÔöÇÔöÇÔöÇÔöÇÔöÇÔöÇÔöÇÔöÇÔöÇÔöÇÔöÇÔöÇÔöÇÔöÇÔöÇÔöÇÔöÇÔöÇÔöÇÔöÇÔöÇÔöÇÔöÇÔöÇÔöÇÔöÇÔöÇÔöÇÔöÇÔöÇÔöÇÔöÇÔöÇÔöÇÔöÇÔöÇÔöÇÔöÇÔöÇÔöÇÔöÇÔöÇÔöÇÔöÇÔöÇÔöÇÔöÇÔöÇÔöÇÔöÇÔöÇÔöÇÔöÇÔöÇÔöÇÔöÇÔöÇÔöÇÔöÇÔöÇÔöÇÔöÇÔöÇÔöÇÔöÇÔöÇÔöÇÔöÇÔöÇÔöÇÔöÇÔöÇÔöÇÔöÇÔöÇÔöÇÔöÇÔöÇÔöÇÔöÇÔöÇÔöÇÔöÇÔöÇÔöÇÔöÇÔöÇÔöÇÔöÇÔöÉ
  Ôöé Tests:        3                                                                                Ôöé
  Ôöé Passing:      2                                                                                Ôöé
  Ôöé Failing:      1                                                                                Ôöé
  Ôöé Pending:      0                                                                                Ôöé
  Ôöé Skipped:      0                                                                                Ôöé
  Ôöé Screenshots:  1                                                                                Ôöé
  Ôöé Video:        false                                                                            Ôöé
  Ôöé Duration:     29 seconds                                                                       Ôöé
  Ôöé Spec Ran:     flutter-advanced.cy.js                                                           Ôöé
  ÔööÔöÇÔöÇÔöÇÔöÇÔöÇÔöÇÔöÇÔöÇÔöÇÔöÇÔöÇÔöÇÔöÇÔöÇÔöÇÔöÇÔöÇÔöÇÔöÇÔöÇÔöÇÔöÇÔöÇÔöÇÔöÇÔöÇÔöÇÔöÇÔöÇÔöÇÔöÇÔöÇÔöÇÔöÇÔöÇÔöÇÔöÇÔöÇÔöÇÔöÇÔöÇÔöÇÔöÇÔöÇÔöÇÔöÇÔöÇÔöÇÔöÇÔöÇÔöÇÔöÇÔöÇÔöÇÔöÇÔöÇÔöÇÔöÇÔöÇÔöÇÔöÇÔöÇÔöÇÔöÇÔöÇÔöÇÔöÇÔöÇÔöÇÔöÇÔöÇÔöÇÔöÇÔöÇÔöÇÔöÇÔöÇÔöÇÔöÇÔöÇÔöÇÔöÇÔöÇÔöÇÔöÇÔöÇÔöÇÔöÇÔöÇÔöÇÔöÇÔöÇÔöÇÔöÇÔöÇÔöÇÔöÿ


  (Screenshots)

  -  C:\Projects\Claude_Code\LAB\EVAQ\tests\cypress\screenshots\flutter-advanced.cy.j     (1280x720)
     s\Flutter Web E2E Smoketest & Navigation Spatiale Mobile -- Sc├®nario 3  Test de                
     R├®silience UI (failed).png                                                                     


====================================================================================================

  (Run Finished)


       Spec                                              Tests  Passing  Failing  Pending  Skipped  
  ÔöîÔöÇÔöÇÔöÇÔöÇÔöÇÔöÇÔöÇÔöÇÔöÇÔöÇÔöÇÔöÇÔöÇÔöÇÔöÇÔöÇÔöÇÔöÇÔöÇÔöÇÔöÇÔöÇÔöÇÔöÇÔöÇÔöÇÔöÇÔöÇÔöÇÔöÇÔöÇÔöÇÔöÇÔöÇÔöÇÔöÇÔöÇÔöÇÔöÇÔöÇÔöÇÔöÇÔöÇÔöÇÔöÇÔöÇÔöÇÔöÇÔöÇÔöÇÔöÇÔöÇÔöÇÔöÇÔöÇÔöÇÔöÇÔöÇÔöÇÔöÇÔöÇÔöÇÔöÇÔöÇÔöÇÔöÇÔöÇÔöÇÔöÇÔöÇÔöÇÔöÇÔöÇÔöÇÔöÇÔöÇÔöÇÔöÇÔöÇÔöÇÔöÇÔöÇÔöÇÔöÇÔöÇÔöÇÔöÇÔöÇÔöÇÔöÇÔöÇÔöÇÔöÇÔöÇÔöÇÔöÇÔöÉ
  Ôöé ├ù  pwa-full-journey.cy.js                   00:04        4        -        1        -        3 Ôöé
  Ôö£ÔöÇÔöÇÔöÇÔöÇÔöÇÔöÇÔöÇÔöÇÔöÇÔöÇÔöÇÔöÇÔöÇÔöÇÔöÇÔöÇÔöÇÔöÇÔöÇÔöÇÔöÇÔöÇÔöÇÔöÇÔöÇÔöÇÔöÇÔöÇÔöÇÔöÇÔöÇÔöÇÔöÇÔöÇÔöÇÔöÇÔöÇÔöÇÔöÇÔöÇÔöÇÔöÇÔöÇÔöÇÔöÇÔöÇÔöÇÔöÇÔöÇÔöÇÔöÇÔöÇÔöÇÔöÇÔöÇÔöÇÔöÇÔöÇÔöÇÔöÇÔöÇÔöÇÔöÇÔöÇÔöÇÔöÇÔöÇÔöÇÔöÇÔöÇÔöÇÔöÇÔöÇÔöÇÔöÇÔöÇÔöÇÔöÇÔöÇÔöÇÔöÇÔöÇÔöÇÔöÇÔöÇÔöÇÔöÇÔöÇÔöÇÔöÇÔöÇÔöÇÔöÇÔöÇÔöÇÔöÇÔöñ
  Ôöé ├ù  flutter-advanced.cy.js                   00:29        3        2        1        -        - Ôöé
  ÔööÔöÇÔöÇÔöÇÔöÇÔöÇÔöÇÔöÇÔöÇÔöÇÔöÇÔöÇÔöÇÔöÇÔöÇÔöÇÔöÇÔöÇÔöÇÔöÇÔöÇÔöÇÔöÇÔöÇÔöÇÔöÇÔöÇÔöÇÔöÇÔöÇÔöÇÔöÇÔöÇÔöÇÔöÇÔöÇÔöÇÔöÇÔöÇÔöÇÔöÇÔöÇÔöÇÔöÇÔöÇÔöÇÔöÇÔöÇÔöÇÔöÇÔöÇÔöÇÔöÇÔöÇÔöÇÔöÇÔöÇÔöÇÔöÇÔöÇÔöÇÔöÇÔöÇÔöÇÔöÇÔöÇÔöÇÔöÇÔöÇÔöÇÔöÇÔöÇÔöÇÔöÇÔöÇÔöÇÔöÇÔöÇÔöÇÔöÇÔöÇÔöÇÔöÇÔöÇÔöÇÔöÇÔöÇÔöÇÔöÇÔöÇÔöÇÔöÇÔöÇÔöÇÔöÇÔöÇÔöÇÔöÿ
    ├ù  2 of 2 failed (100%)                     00:34        7        2        2        -        3  

